// Jest Snapshot v1, https://goo.gl/fbAQLP

exports[`PokemonPicture component debe hacer match con el snapshot 1`] = `
<div class="options-container">
  <ul>
    <li>bulbasaur</li>
    <li>ivysaur</li>
    <li>charmander</li>
    <li>venusaur</li>
  </ul>
</div>
`;
