// Jest Snapshot v1, https://goo.gl/fbAQLP

exports[`PokemonPicture component debe hacer match con el snapshot 1`] = `<h1>Espere por favor...</h1>`;

exports[`PokemonPicture component debe hacer match el snapshot al cargar los pokemons 1`] = `
<div>
  <h1>¿Quién es este pokémon?</h1>
  <pokemon-picture-stub pokemonid="1" showpokemon="false"></pokemon-picture-stub>
  <pokemon-options-stub pokemons="[object Object],[object Object],[object Object],[object Object]"></pokemon-options-stub>
  <!--v-if-->
</div>
`;
